{
  "crates": [
    {
      "name": "beta-fixed (local)",
      "res": "fixed",
      "runs": [
        {
          "log": "stable/local/beta-fixed",
          "res": "build-fail:unknown"
        },
        {
          "log": "beta/local/beta-fixed",
          "res": "test-pass"
        }
      ],
      "url": "https://github.com/rust-lang-nursery/crater/tree/master/local-crates/beta-fixed"
    },
    {
      "name": "beta-regression (local)",
      "res": "regressed",
      "runs": [
        {
          "log": "stable/local/beta-regression",
          "res": "test-pass"
        },
        {
          "log": "beta/local/beta-regression",
          "res": "build-fail:unknown"
        }
      ],
      "url": "https://github.com/rust-lang-nursery/crater/tree/master/local-crates/beta-regression"
    },
    {
      "name": "broken-cargotoml (local)",
      "res": "build-fail",
      "runs": [
        {
          "log": "stable/local/broken-cargotoml",
          "res": "build-fail:broken"
        },
        {
          "log": "beta/local/broken-cargotoml",
          "res": "build-fail:broken"
        }
      ],
      "url": "https://github.com/rust-lang-nursery/crater/tree/master/local-crates/broken-cargotoml"
    },
    {
      "name": "build-fail (local)",
      "res": "build-fail",
      "runs": [
        {
          "log": "stable/local/build-fail",
          "res": "build-fail:unknown"
        },
        {
          "log": "beta/local/build-fail",
          "res": "build-fail:unknown"
        }
      ],
      "url": "https://github.com/rust-lang-nursery/crater/tree/master/local-crates/build-fail"
    },
    {
      "name": "build-pass (local)",
      "res": "test-pass",
      "runs": [
        {
          "log": "stable/local/build-pass",
          "res": "test-pass"
        },
        {
          "log": "beta/local/build-pass",
          "res": "test-pass"
        }
      ],
      "url": "https://github.com/rust-lang-nursery/crater/tree/master/local-crates/build-pass"
    },
    {
      "name": "clippy-warn (local)",
      "res": "test-pass",
      "runs": [
        {
          "log": "stable/local/clippy-warn",
          "res": "test-pass"
        },
        {
          "log": "beta/local/clippy-warn",
          "res": "test-pass"
        }
      ],
      "url": "https://github.com/rust-lang-nursery/crater/tree/master/local-crates/clippy-warn"
    },
    {
      "name": "memory-hungry (local)",
      "res": "spurious-fixed",
      "runs": [
        {
          "log": "stable/local/memory-hungry",
          "res": "build-fail:oom"
        },
        {
          "log": "beta/local/memory-hungry",
          "res": "test-fail:oom"
        }
      ],
      "url": "https://github.com/rust-lang-nursery/crater/tree/master/local-crates/memory-hungry"
    },
    {
      "name": "missing-examples (local)",
      "res": "test-pass",
      "runs": [
        {
          "log": "stable/local/missing-examples",
          "res": "test-pass"
        },
        {
          "log": "beta/local/missing-examples",
          "res": "test-pass"
        }
      ],
      "url": "https://github.com/rust-lang-nursery/crater/tree/master/local-crates/missing-examples"
    },
    {
      "name": "network-access (local)",
      "res": "fixed",
      "runs": [
        {
          "log": "stable/local/network-access",
          "res": "build-fail:unknown"
        },
        {
          "log": "beta/local/network-access",
          "res": "test-fail:unknown"
        }
      ],
      "url": "https://github.com/rust-lang-nursery/crater/tree/master/local-crates/network-access"
    },
    {
      "name": "test-fail (local)",
      "res": "test-fail",
      "runs": [
        {
          "log": "stable/local/test-fail",
          "res": "test-fail:unknown"
        },
        {
          "log": "beta/local/test-fail",
          "res": "test-fail:unknown"
        }
      ],
      "url": "https://github.com/rust-lang-nursery/crater/tree/master/local-crates/test-fail"
    }
  ]
}
